// Jest Snapshot v1, https://goo.gl/fbAQLP

exports[`Pedometer Snapshot test 1`] = `
<View
  style={
    Object {
      "alignItems": "center",
      "flex": 1,
      "justifyContent": "center",
      "marginTop": 40,
    }
  }
>
  <Text
    accessible={true}
    allowFontScaling={true}
    ellipsizeMode="tail"
  >
    Current steps: 
    0
     / 
  </Text>
  <View
    indeterminate={false}
    style={
      Array [
        Object {
          "backgroundColor": "transparent",
          "overflow": "hidden",
        },
        undefined,
      ]
    }
  >
    <ARTSurfaceView
      style={
        Array [
          Object {
            "transform": Array [
              Object {
                "rotate": "0deg",
              },
            ],
          },
          Object {
            "height": 200,
            "width": 200,
          },
        ]
      }
    >
      <ARTShape
        d={
          Array [
            0,
            100,
            100,
            2,
            100,
            1,
            2,
            100,
            1,
            2,
            100,
            100,
          ]
        }
        fill={
          Array [
            0,
            0.39215686274509803,
            0.39215686274509803,
            0.39215686274509803,
            1,
          ]
        }
        opacity={1}
        stroke={null}
        strokeCap={1}
        strokeDash={null}
        strokeJoin={1}
        strokeWidth={1}
        transform={
          Array [
            1,
            0,
            0,
            1,
            0,
            0,
          ]
        }
      />
      <ARTShape
        d={
          Array [
            0,
            0.5,
            0.5,
            0,
            100,
            0.5,
            4,
            100,
            100,
            99.5,
            -1.5707963267948966,
            1.5707963267948966,
            1,
            4,
            100,
            100,
            99.5,
            1.5707963267948966,
            -1.5707963267948966,
            1,
            1,
          ]
        }
        fill={null}
        opacity={1}
        stroke={
          Array [
            0.39215686274509803,
            0.39215686274509803,
            0.39215686274509803,
            1,
          ]
        }
        strokeCap={0}
        strokeDash={null}
        strokeJoin={1}
        strokeWidth={1}
        transform={
          Array [
            1,
            0,
            0,
            1,
            0,
            0,
          ]
        }
      />
    </ARTSurfaceView>
  </View>
  <Text
    accessible={true}
    allowFontScaling={true}
    ellipsizeMode="tail"
  >
    Status: 
    
  </Text>
</View>
`;
